[{"stream_name":"stderr","time":7.15260822,"data":"/usr/local/lib/python3.12/dist-packages/nbformat/__init__.py:96: MissingIDFieldWarning: Cell is missing an id field, this will become a hard error in future nbformat versions. You may want to use `normalize()` on your notebooks before validations (available since nbformat 5.1.4). Previous versions of nbformat are fixing this issue transparently, and will stop doing so in the future.\n"}
,{"stream_name":"stderr","time":7.15266805,"data":"  validate(nb)\n"}
,{"stream_name":"stderr","time":8.032072536,"data":"0.00s - Debugger warning: It seems that frozen modules are being used, which may\n"}
,{"stream_name":"stderr","time":8.032109523,"data":"0.00s - make the debugger miss breakpoints. Please pass -Xfrozen_modules=off\n"}
,{"stream_name":"stderr","time":8.032116417,"data":"0.00s - to python to disable frozen modules.\n"}
,{"stream_name":"stderr","time":8.032121536,"data":"0.00s - Note: Debugging will proceed. Set PYDEVD_DISABLE_FILE_VALIDATION=1 to disable this validation.\n"}
,{"stream_name":"stderr","time":8.665616732,"data":"0.00s - Debugger warning: It seems that frozen modules are being used, which may\n"}
,{"stream_name":"stderr","time":8.665648337,"data":"0.00s - make the debugger miss breakpoints. Please pass -Xfrozen_modules=off\n"}
,{"stream_name":"stderr","time":8.665653956,"data":"0.00s - to python to disable frozen modules.\n"}
,{"stream_name":"stderr","time":8.665658217,"data":"0.00s - Note: Debugging will proceed. Set PYDEVD_DISABLE_FILE_VALIDATION=1 to disable this validation.\n"}
,{"stream_name":"stdout","time":20.809014553,"data":"device: cuda\n"}
,{"stream_name":"stdout","time":20.832961272,"data":"DATA_ROOT: /kaggle/input/datasets/sagyamthapa/handwritten-math-symbols/dataset\n"}
,{"stream_name":"stdout","time":21.097140561,"data":"train/val/test: 6193 769 788\n"}
,{"stream_name":"stdout","time":49.823349799,"data":"epoch 01  train_loss 2.0520 train_acc 0.3341  val_loss 0.7096 val_acc 0.7711\n"}
,{"stream_name":"stdout","time":62.840210589,"data":"epoch 02  train_loss 1.2154 train_acc 0.6068  val_loss 0.4122 val_acc 0.8570\n"}
,{"stream_name":"stdout","time":76.433516743,"data":"epoch 03  train_loss 0.9598 train_acc 0.6932  val_loss 0.3990 val_acc 0.8609\n"}
,{"stream_name":"stdout","time":89.474283078,"data":"epoch 04  train_loss 0.8380 train_acc 0.7378  val_loss 0.2485 val_acc 0.9090\n"}
,{"stream_name":"stdout","time":102.576407239,"data":"epoch 05  train_loss 0.7205 train_acc 0.7699  val_loss 0.1846 val_acc 0.9493\n"}
,{"stream_name":"stdout","time":115.555965519,"data":"epoch 06  train_loss 0.6579 train_acc 0.7956  val_loss 0.2006 val_acc 0.9389\n"}
,{"stream_name":"stdout","time":128.250697273,"data":"epoch 07  train_loss 0.6193 train_acc 0.8053  val_loss 0.1352 val_acc 0.9610\n"}
,{"stream_name":"stdout","time":141.233948828,"data":"epoch 08  train_loss 0.6018 train_acc 0.8133  val_loss 0.1247 val_acc 0.9649\n"}
,{"stream_name":"stdout","time":154.126201619,"data":"epoch 09  train_loss 0.5518 train_acc 0.8277  val_loss 0.1239 val_acc 0.9571\n"}
,{"stream_name":"stdout","time":168.320406286,"data":"epoch 10  train_loss 0.5436 train_acc 0.8338  val_loss 0.1389 val_acc 0.9597\n"}
,{"stream_name":"stdout","time":181.017903786,"data":"epoch 11  train_loss 0.4941 train_acc 0.8479  val_loss 0.1538 val_acc 0.9597\n"}
,{"stream_name":"stdout","time":193.954555654,"data":"epoch 12  train_loss 0.4955 train_acc 0.8455  val_loss 0.0958 val_acc 0.9701\n"}
,{"stream_name":"stdout","time":206.727153617,"data":"epoch 13  train_loss 0.4587 train_acc 0.8589  val_loss 0.0872 val_acc 0.9779\n"}
,{"stream_name":"stdout","time":219.111388275,"data":"epoch 14  train_loss 0.4294 train_acc 0.8703  val_loss 0.0937 val_acc 0.9740\n"}
,{"stream_name":"stdout","time":231.453464075,"data":"epoch 15  train_loss 0.4410 train_acc 0.8623  val_loss 0.0964 val_acc 0.9688\n"}
,{"stream_name":"stdout","time":243.964748414,"data":"epoch 16  train_loss 0.4099 train_acc 0.8741  val_loss 0.0963 val_acc 0.9753\n"}
,{"stream_name":"stdout","time":256.211412297,"data":"epoch 17  train_loss 0.4100 train_acc 0.8760  val_loss 0.0802 val_acc 0.9766\n"}
,{"stream_name":"stdout","time":268.282424925,"data":"epoch 18  train_loss 0.3445 train_acc 0.9007  val_loss 0.0584 val_acc 0.9857\n"}
,{"stream_name":"stdout","time":280.595754447,"data":"epoch 19  train_loss 0.3363 train_acc 0.8984  val_loss 0.0538 val_acc 0.9844\n"}
,{"stream_name":"stdout","time":292.965401217,"data":"epoch 20  train_loss 0.3456 train_acc 0.8950  val_loss 0.0455 val_acc 0.9870\n"}
,{"stream_name":"stdout","time":305.249407279,"data":"epoch 21  train_loss 0.3247 train_acc 0.9059  val_loss 0.0665 val_acc 0.9766\n"}
,{"stream_name":"stdout","time":317.398356759,"data":"epoch 22  train_loss 0.3098 train_acc 0.9091  val_loss 0.0563 val_acc 0.9818\n"}
,{"stream_name":"stdout","time":329.712055735,"data":"epoch 23  train_loss 0.3033 train_acc 0.9051  val_loss 0.0537 val_acc 0.9805\n"}
,{"stream_name":"stdout","time":341.854218538,"data":"epoch 24  train_loss 0.2930 train_acc 0.9114  val_loss 0.0523 val_acc 0.9818\n"}
,{"stream_name":"stdout","time":353.950118356,"data":"epoch 25  train_loss 0.2824 train_acc 0.9152  val_loss 0.0487 val_acc 0.9844\n"}
,{"stream_name":"stdout","time":366.184977422,"data":"epoch 26  train_loss 0.2670 train_acc 0.9199  val_loss 0.0472 val_acc 0.9870\n"}
,{"stream_name":"stdout","time":378.596036924,"data":"epoch 27  train_loss 0.2683 train_acc 0.9197  val_loss 0.0412 val_acc 0.9857\n"}
,{"stream_name":"stdout","time":390.736406998,"data":"epoch 28  train_loss 0.2832 train_acc 0.9157  val_loss 0.0456 val_acc 0.9857\n"}
,{"stream_name":"stdout","time":403.209534864,"data":"epoch 29  train_loss 0.2437 train_acc 0.9254  val_loss 0.0422 val_acc 0.9896\n"}
,{"stream_name":"stdout","time":415.638330118,"data":"epoch 30  train_loss 0.2619 train_acc 0.9204  val_loss 0.0370 val_acc 0.9896\n"}
,{"stream_name":"stdout","time":427.757373102,"data":"epoch 31  train_loss 0.2653 train_acc 0.9227  val_loss 0.0428 val_acc 0.9883\n"}
,{"stream_name":"stdout","time":440.230973518,"data":"epoch 32  train_loss 0.2476 train_acc 0.9273  val_loss 0.0441 val_acc 0.9870\n"}
,{"stream_name":"stdout","time":452.285136908,"data":"epoch 33  train_loss 0.2389 train_acc 0.9294  val_loss 0.0358 val_acc 0.9883\n"}
,{"stream_name":"stdout","time":464.565768558,"data":"epoch 34  train_loss 0.2395 train_acc 0.9251  val_loss 0.0321 val_acc 0.9896\n"}
,{"stream_name":"stdout","time":477.18999639,"data":"epoch 35  train_loss 0.2233 train_acc 0.9375  val_loss 0.0383 val_acc 0.9896\n"}
,{"stream_name":"stdout","time":489.822295138,"data":"epoch 36  train_loss 0.2506 train_acc 0.9275  val_loss 0.0319 val_acc 0.9909\n"}
,{"stream_name":"stdout","time":502.33711525,"data":"epoch 37  train_loss 0.2241 train_acc 0.9344  val_loss 0.0300 val_acc 0.9922\n"}
,{"stream_name":"stdout","time":514.605149205,"data":"epoch 38  train_loss 0.2373 train_acc 0.9260  val_loss 0.0349 val_acc 0.9909\n"}
,{"stream_name":"stdout","time":526.787106191,"data":"epoch 39  train_loss 0.2294 train_acc 0.9315  val_loss 0.0356 val_acc 0.9896\n"}
,{"stream_name":"stdout","time":539.049319998,"data":"epoch 40  train_loss 0.2396 train_acc 0.9260  val_loss 0.0393 val_acc 0.9883\n"}
,{"stream_name":"stdout","time":551.621110859,"data":"epoch 41  train_loss 0.2360 train_acc 0.9301  val_loss 0.0323 val_acc 0.9922\n"}
,{"stream_name":"stdout","time":564.105226841,"data":"epoch 42  train_loss 0.2328 train_acc 0.9281  val_loss 0.0333 val_acc 0.9922\n"}
,{"stream_name":"stdout","time":576.633563162,"data":"epoch 43  train_loss 0.2301 train_acc 0.9302  val_loss 0.0339 val_acc 0.9922\n"}
,{"stream_name":"stdout","time":588.88833081,"data":"epoch 44  train_loss 0.2320 train_acc 0.9336  val_loss 0.0305 val_acc 0.9922\n"}
,{"stream_name":"stdout","time":601.13658923,"data":"epoch 45  train_loss 0.2274 train_acc 0.9286  val_loss 0.0279 val_acc 0.9922\n"}
,{"stream_name":"stdout","time":601.136625445,"data":"best val acc: 0.9921976592977894\n"}
,{"stream_name":"stdout","time":603.414660226,"data":"test_loss 0.0376 test_acc 0.9886\n"}
,{"stream_name":"stdout","time":604.267299032,"data":"0     (0): 0.950  n=60\n"}
,{"stream_name":"stdout","time":604.267371575,"data":"1     (1): 0.947  n=57\n"}
,{"stream_name":"stdout","time":604.267379887,"data":"2     (2): 1.000  n=44\n"}
,{"stream_name":"stdout","time":604.267385819,"data":"3     (3): 1.000  n=55\n"}
,{"stream_name":"stdout","time":604.267391469,"data":"4     (4): 0.981  n=54\n"}
,{"stream_name":"stdout","time":604.267396977,"data":"5     (5): 1.000  n=44\n"}
,{"stream_name":"stdout","time":604.26740186,"data":"6     (6): 0.983  n=59\n"}
,{"stream_name":"stdout","time":604.267406917,"data":"7     (7): 0.981  n=54\n"}
,{"stream_name":"stdout","time":604.267411589,"data":"8     (8): 1.000  n=56\n"}
,{"stream_name":"stdout","time":604.267416469,"data":"9     (9): 1.000  n=56\n"}
,{"stream_name":"stdout","time":604.267422174,"data":"add   (+): 1.000  n=61\n"}
,{"stream_name":"stdout","time":604.26742716,"data":"sub   (-): 1.000  n=66\n"}
,{"stream_name":"stdout","time":604.267431838,"data":"mul   (*): 1.000  n=59\n"}
,{"stream_name":"stdout","time":604.267436837,"data":"div   (/): 1.000  n=63\n"}
,{"stream_name":"stdout","time":604.285578104,"data":"saved equation_cnn.pth, classes.json, test_split_manifest.txt to /kaggle/working/\n"}
,{"stream_name":"stderr","time":609.714266941,"data":"/usr/local/lib/python3.12/dist-packages/mistune.py:435: SyntaxWarning: invalid escape sequence '\\|'\n"}
,{"stream_name":"stderr","time":609.714327542,"data":"  cells[i][c] = re.sub('\\\\\\\\\\|', '|', cell)\n"}
,{"stream_name":"stderr","time":609.889622988,"data":"/usr/local/lib/python3.12/dist-packages/nbconvert/filters/filter_links.py:36: SyntaxWarning: invalid escape sequence '\\_'\n"}
,{"stream_name":"stderr","time":609.889661096,"data":"  text = re.sub(r'_', '\\_', text) # Escape underscores in display text\n"}
,{"stream_name":"stderr","time":610.518414827,"data":"[NbConvertApp] Converting notebook __notebook__.ipynb to notebook\n"}
,{"stream_name":"stderr","time":610.824020808,"data":"[NbConvertApp] Writing 110178 bytes to __notebook__.ipynb\n"}
,{"stream_name":"stderr","time":613.211087902,"data":"[NbConvertApp] Converting notebook __notebook__.ipynb to html\n"}
,{"stream_name":"stderr","time":614.087871628,"data":"[NbConvertApp] Support files will be in __results___files/\n"}
,{"stream_name":"stderr","time":614.08791105,"data":"[NbConvertApp] Making directory __results___files\n"}
,{"stream_name":"stderr","time":614.088280201,"data":"[NbConvertApp] Writing 352018 bytes to __results__.html\n"}
]